// Jest Snapshot v1, https://goo.gl/fbAQLP

exports[`Footer component tests should match snapshot 1`] = `
<p
  className="chart-text"
>
  Hello
</p>
`;
