// Jest Snapshot v1, https://goo.gl/fbAQLP

exports[`ChartDataForm component tests snapshot matches 1`] = `<DocumentFragment />`;
