// Jest Snapshot v1, https://goo.gl/fbAQLP

exports[`CustomToast component tests snapshot matches 1`] = `<DocumentFragment />`;
