// Jest Snapshot v1, https://goo.gl/fbAQLP

exports[`ChartDate component tests snapshot matches 1`] = `
<DocumentFragment>
  <div
    class="currency-chart__date"
  >
    <p
      class="currency-chart__date-title"
    >
      From:
    </p>
    <input
      class="currency-chart__date-input"
      data-testid="chart-date-input"
      type="date"
      value="2024-03-05"
    />
  </div>
</DocumentFragment>
`;
